// Jest Snapshot v1, https://goo.gl/fbAQLP

exports[`<PaperSelect /> should match snapshot 1`] = `
<RNCSafeAreaProvider
  onInsetsChange={[Function]}
  style={
    Array [
      Object {
        "flex": 1,
      },
      undefined,
    ]
  }
>
  <View
    collapsable={false}
    pointerEvents="box-none"
    style={
      Object {
        "flex": 1,
      }
    }
  >
    <View
      accessibilityRole="combobox"
      accessibilityState={
        Object {
          "disabled": false,
          "expanded": false,
        }
      }
      accessibilityValue={
        Object {
          "text": "",
        }
      }
      accessible={true}
    >
      <View
        accessibilityState={
          Object {
            "busy": undefined,
            "checked": undefined,
            "disabled": undefined,
            "expanded": undefined,
            "selected": undefined,
          }
        }
        accessibilityValue={
          Object {
            "max": undefined,
            "min": undefined,
            "now": undefined,
            "text": undefined,
          }
        }
        accessible={true}
        collapsable={false}
        focusable={true}
        onBlur={[Function]}
        onClick={[Function]}
        onFocus={[Function]}
        onResponderGrant={[Function]}
        onResponderMove={[Function]}
        onResponderRelease={[Function]}
        onResponderTerminate={[Function]}
        onResponderTerminationRequest={[Function]}
        onStartShouldSetResponder={[Function]}
        style={
          Object {
            "height": "100%",
            "left": 0,
            "opacity": 0,
            "position": "absolute",
            "top": 0,
            "width": "100%",
          }
        }
      />
      <View
        pointerEvents="none"
      >
        <View
          style={
            Array [
              Object {
                "backgroundColor": "rgba(231, 224, 236, 1)",
                "borderTopLeftRadius": 4,
                "borderTopRightRadius": 4,
              },
              Object {
                "color": "rgba(28, 27, 31, 1)",
              },
            ]
          }
        >
          <View
            collapsable={false}
            style={
              Object {
                "backgroundColor": "rgba(28, 27, 31, 1)",
                "bottom": 0,
                "height": 1,
                "left": 0,
                "position": "absolute",
                "right": 0,
                "transform": Array [
                  Object {
                    "scaleY": 0.5,
                  },
                ],
                "zIndex": 1,
              }
            }
            testID="text-input-underline"
          />
          <View
            style={
              Array [
                Object {
                  "paddingBottom": 0,
                  "paddingTop": 0,
                },
                Object {
                  "minHeight": 56,
                },
              ]
            }
          >
            <TextInput
              editable={false}
              maxFontSizeMultiplier={1.5}
              multiline={false}
              onBlur={[Function]}
              onChangeText={[Function]}
              onFocus={[Function]}
              placeholderTextColor="rgba(73, 69, 79, 1)"
              selectionColor="rgba(103, 80, 164, 1)"
              style={
                Array [
                  Object {
                    "margin": 0,
                  },
                  Object {
                    "paddingLeft": 16,
                    "paddingRight": 56,
                  },
                  Object {
                    "height": 56,
                  },
                  Object {
                    "paddingBottom": 0,
                    "paddingTop": 0,
                  },
                  Object {
                    "color": "rgba(73, 69, 79, 1)",
                    "fontFamily": "System",
                    "fontSize": 16,
                    "fontWeight": undefined,
                    "letterSpacing": 0.15,
                    "lineHeight": undefined,
                    "textAlign": "left",
                    "textAlignVertical": "center",
                  },
                  false,
                  Object {
                    "marginRight": 40,
                    "paddingRight": 16,
                  },
                  undefined,
                ]
              }
              testID="text-input-flat"
              underlineColorAndroid="transparent"
              value=""
            />
          </View>
          <View
            style={
              Array [
                Object {
                  "alignItems": "center",
                  "height": 24,
                  "justifyContent": "center",
                  "position": "absolute",
                  "width": 24,
                },
                Object {
                  "right": 16,
                  "top": 16,
                },
              ]
            }
          >
            <View
              collapsable={false}
              style={
                Object {
                  "alignSelf": undefined,
                  "backgroundColor": "transparent",
                  "borderRadius": 20,
                  "bottom": undefined,
                  "end": undefined,
                  "flex": undefined,
                  "height": 40,
                  "left": undefined,
                  "margin": 0,
                  "opacity": undefined,
                  "position": undefined,
                  "right": undefined,
                  "shadowColor": "#000",
                  "shadowOffset": Object {
                    "height": 0,
                    "width": 0,
                  },
                  "shadowOpacity": 0,
                  "shadowRadius": 0,
                  "start": undefined,
                  "top": undefined,
                  "transform": undefined,
                  "width": 40,
                }
              }
              testID="right-icon-adornment-container-outer-layer"
            >
              <View
                collapsable={false}
                style={
                  Object {
                    "backgroundColor": "transparent",
                    "borderColor": "rgba(28, 27, 31, 0.12)",
                    "borderRadius": 20,
                    "borderWidth": 0,
                    "elevation": 0,
                    "flex": 1,
                    "overflow": "hidden",
                    "shadowColor": "#000",
                    "shadowOffset": Object {
                      "height": 0,
                      "width": 0,
                    },
                    "shadowOpacity": 0,
                    "shadowRadius": 0,
                  }
                }
                testID="right-icon-adornment-container"
              >
                <View
                  accessibilityComponentType="button"
                  accessibilityRole="none"
                  accessibilityState={
                    Object {
                      "busy": undefined,
                      "checked": undefined,
                      "disabled": true,
                      "expanded": undefined,
                      "selected": undefined,
                    }
                  }
                  accessibilityTraits={
                    Array [
                      "button",
                      "disabled",
                    ]
                  }
                  accessibilityValue={
                    Object {
                      "max": undefined,
                      "min": undefined,
                      "now": undefined,
                      "text": undefined,
                    }
                  }
                  accessible={true}
                  centered={true}
                  collapsable={false}
                  focusable={true}
                  hitSlop={
                    Object {
                      "bottom": 6,
                      "left": 6,
                      "right": 6,
                      "top": 6,
                    }
                  }
                  onBlur={[Function]}
                  onClick={[Function]}
                  onFocus={[Function]}
                  onResponderGrant={[Function]}
                  onResponderMove={[Function]}
                  onResponderRelease={[Function]}
                  onResponderTerminate={[Function]}
                  onResponderTerminationRequest={[Function]}
                  onStartShouldSetResponder={[Function]}
                  style={
                    Array [
                      Object {
                        "overflow": "hidden",
                      },
                      false,
                      Array [
                        Object {
                          "alignItems": "center",
                          "flexGrow": 1,
                          "justifyContent": "center",
                        },
                        Object {
                          "borderRadius": 20,
                        },
                      ],
                    ]
                  }
                  testID="right-icon-adornment"
                >
                  <Text
                    accessibilityElementsHidden={true}
                    allowFontScaling={false}
                    importantForAccessibility="no-hide-descendants"
                    pointerEvents="none"
                    selectable={false}
                    style={
                      Array [
                        Object {
                          "color": "rgba(28, 27, 31, 0.38)",
                          "fontSize": 24,
                        },
                        Array [
                          Object {
                            "lineHeight": 24,
                            "transform": Array [
                              Object {
                                "scaleX": 1,
                              },
                            ],
                          },
                          Object {
                            "backgroundColor": "transparent",
                          },
                        ],
                        Object {
                          "fontFamily": "Material Design Icons",
                          "fontStyle": "normal",
                          "fontWeight": "normal",
                        },
                        Object {},
                      ]
                    }
                  >
                    󰅀
                  </Text>
                </View>
              </View>
            </View>
          </View>
        </View>
      </View>
    </View>
  </View>
  <View
    collapsable={false}
    pointerEvents="box-none"
    style={
      Object {
        "bottom": 0,
        "left": 0,
        "position": "absolute",
        "right": 0,
        "top": 0,
      }
    }
  />
</RNCSafeAreaProvider>
`;
